../Drivers/STM32F4xx_HAL_Driver/Inc/stm32f4xx_ll_usart.h:1792:26:LL_USART_IsActiveFlag_RXNE	16	static
../Drivers/STM32F4xx_HAL_Driver/Inc/stm32f4xx_ll_usart.h:1979:22:LL_USART_ClearFlag_RXNE	16	static
../Drivers/STM32F4xx_HAL_Driver/Inc/stm32f4xx_ll_usart.h:2403:25:LL_USART_ReceiveData8	16	static
../Core/Src/stm32f4xx_it.c:83:6:NMI_Handler	4	static
../Core/Src/stm32f4xx_it.c:98:6:HardFault_Handler	4	static
../Core/Src/stm32f4xx_it.c:113:6:MemManage_Handler	4	static
../Core/Src/stm32f4xx_it.c:128:6:BusFault_Handler	4	static
../Core/Src/stm32f4xx_it.c:143:6:UsageFault_Handler	4	static
../Core/Src/stm32f4xx_it.c:158:6:SVC_Handler	4	static
../Core/Src/stm32f4xx_it.c:171:6:DebugMon_Handler	4	static
../Core/Src/stm32f4xx_it.c:184:6:PendSV_Handler	4	static
../Core/Src/stm32f4xx_it.c:197:6:SysTick_Handler	8	static
../Core/Src/stm32f4xx_it.c:218:6:SPI1_IRQHandler	4	static
../Core/Src/stm32f4xx_it.c:231:6:USART1_IRQHandler	8	static
../Core/Src/stm32f4xx_it.c:249:6:USART2_IRQHandler	8	static
../Core/Src/stm32f4xx_it.c:310:6:TIM2_IRQHandler	8	static
